# JMH version: 1.37
# VM version: JDK 23.0.2, OpenJDK 64-Bit Server VM, 23.0.2+7-FR
# VM invoker: C:\Users\novik\.jdks\corretto-23.0.2\bin\java.exe
# VM options: -javaagent:C:\Program Files\JetBrains\IntelliJ IDEA Community Edition 2024.3.5\lib\idea_rt.jar=53600 -Dfile.encoding=UTF-8 -Dsun.stdout.encoding=UTF-8 -Dsun.stderr.encoding=UTF-8
# Blackhole mode: compiler (auto-detected, use -Djmh.blackhole.autoDetect=false to disable)
# Warmup: 3 iterations, 5 s each
# Measurement: 10 iterations, 30 s each
# Timeout: 10 min per iteration
# Threads: 10 threads, will synchronize iterations
# Benchmark mode: Throughput, ops/time
# Benchmark: test.OptimizedBenchmark.benchmarkSingleRequest

# Run progress: 0,00% complete, ETA 00:15:45
# Fork: 1 of 3
# Warmup Iteration   1: 31710,780 ops/s
# Warmup Iteration   2: 40123,069 ops/s
# Warmup Iteration   3: 31953,049 ops/s
Iteration   1: 35700,677 ops/s
Iteration   2: 35874,814 ops/s
Iteration   3: 34779,035 ops/s
Iteration   4: 33224,616 ops/s
Iteration   5: 34300,380 ops/s
Iteration   6: 34389,395 ops/s
Iteration   7: 35038,428 ops/s
Iteration   8: 34855,293 ops/s
Iteration   9: 35937,884 ops/s
Iteration  10: 34783,319 ops/s

# Run progress: 33,33% complete, ETA 00:11:01
# Fork: 2 of 3
# Warmup Iteration   1: 43550,535 ops/s
# Warmup Iteration   2: 38919,039 ops/s
# Warmup Iteration   3: 30830,209 ops/s
Iteration   1: 38256,160 ops/s
Iteration   2: 39072,240 ops/s
Iteration   3: 38697,550 ops/s
Iteration   4: 39290,284 ops/s
Iteration   5: 37635,569 ops/s
Iteration   6: 38000,653 ops/s
Iteration   7: 39673,890 ops/s
Iteration   8: 39202,365 ops/s
Iteration   9: 38399,287 ops/s
Iteration  10: 39124,878 ops/s

# Run progress: 66,67% complete, ETA 00:05:26
# Fork: 3 of 3
# Warmup Iteration   1: 42642,780 ops/s
# Warmup Iteration   2: 38449,600 ops/s
# Warmup Iteration   3: 39025,953 ops/s
Iteration   1: 36283,251 ops/s
Iteration   2: 39338,371 ops/s
Iteration   3: 38015,002 ops/s
Iteration   4: 38651,230 ops/s
Iteration   5: 36430,294 ops/s
Iteration   6: 36701,901 ops/s
Iteration   7: 37800,343 ops/s
Iteration   8: 39804,695 ops/s
Iteration   9: 38405,100 ops/s
Iteration  10: 36212,670 ops/s


Result "test.OptimizedBenchmark.benchmarkSingleRequest":
  37129,319 ±(99.9%) 1273,482 ops/s [Average]
  (min, avg, max) = (33224,616, 37129,319, 39804,695), stdev = 1906,088
  CI (99.9%): [35855,837, 38402,801] (assumes normal distribution)


# Run complete. Total time: 00:16:14

REMEMBER: The numbers below are just data. To gain reusable insights, you need to follow up on
why the numbers are the way they are. Use profilers (see -prof, -lprof), design factorial
experiments, perform baseline and negative tests that provide experimental control, make sure
the benchmarking environment is safe on JVM/OS/HW level, ask for reviews from the domain experts.
Do not assume the numbers tell you what you want them to tell.

NOTE: Current JVM experimentally supports Compiler Blackholes, and they are in use. Please exercise
extra caution when trusting the results, look into the generated code to check the benchmark still
works, and factor in a small probability of new VM bugs. Additionally, while comparisons between
different JVMs are already problematic, the performance difference caused by different Blackhole
modes can be very significant. Please make sure you use the consistent Blackhole mode for comparisons.

Benchmark                                   Mode  Cnt      Score      Error  Units
OptimizedBenchmark.benchmarkSingleRequest  thrpt   30  37129,319 ± 1273,482  ops/s

Benchmark result is saved to results.json
